// Jest Snapshot v1, https://goo.gl/fbAQLP

exports[`Storyshots SunriseTime with morning time 1`] = `
<p
  className="jsx-1997310011"
>
  2:30 am
  <br
    className="jsx-1997310011"
  />
   (Sunrise)
</p>
`;
